[2026-08-29T17:58:42+08:00] job=t-20260829173040-5fdmx state=running runtime=unknown pod=tj-3055471-t-20260829173040-5fdmx-master-0
[2026-08-29T17:58:43+08:00] train 2026-08-29T17:59:23.484269062+08:00                                     ETA: 02:05:25
[2026-08-29T17:58:43+08:00] train 2026-08-29T17:59:25.218187958+08:00 [1m                          Learning iteration 836/6000                           [0m 
[2026-08-29T17:58:43+08:00] train 2026-08-29T17:59:25.218204960+08:00                        Steps per second: 69040 
[2026-08-29T17:58:43+08:00] train 2026-08-29T17:59:25.218216662+08:00                             Mean reward: 108.89
[2026-08-29T17:58:43+08:00] train 2026-08-29T17:59:25.218280723+08:00           Episode_Termination/nan_state: 0.0000
[2026-08-29T17:58:43+08:00] train 2026-08-29T17:59:25.218297885+08:00                                     ETA: 02:05:23
[2026-08-29T17:58:43+08:00] juicefs model_250.pt "hit_count": 1
[2026-08-29T17:59:12+08:00] job=t-20260829173040-5fdmx state=running runtime=unknown pod=tj-3055471-t-20260829173040-5fdmx-master-0
[2026-08-29T17:59:13+08:00] train 2026-08-29T17:59:52.989232914+08:00                                     ETA: 02:04:59
[2026-08-29T17:59:13+08:00] train 2026-08-29T17:59:54.752688010+08:00 [1m                          Learning iteration 853/6000                           [0m 
[2026-08-29T17:59:13+08:00] train 2026-08-29T17:59:54.752703389+08:00                        Steps per second: 67638 
[2026-08-29T17:59:13+08:00] train 2026-08-29T17:59:54.752722765+08:00                             Mean reward: 107.00
[2026-08-29T17:59:13+08:00] train 2026-08-29T17:59:54.752835968+08:00           Episode_Termination/nan_state: 0.0000
[2026-08-29T17:59:13+08:00] train 2026-08-29T17:59:54.752861516+08:00                                     ETA: 02:04:57
[2026-08-29T17:59:13+08:00] juicefs model_250.pt "hit_count": 1
[2026-08-29T17:59:19+08:00] job=t-20260829173040-5fdmx state=running runtime=unknown pod=tj-3055471-t-20260829173040-5fdmx-master-0
[2026-08-29T17:59:19+08:00] train 2026-08-29T17:59:59.912276513+08:00                                     ETA: 02:04:53
[2026-08-29T17:59:19+08:00] train 2026-08-29T18:00:01.631309107+08:00 [1m                          Learning iteration 857/6000                           [0m 
[2026-08-29T17:59:19+08:00] train 2026-08-29T18:00:01.631319096+08:00                        Steps per second: 68788 
[2026-08-29T17:59:19+08:00] train 2026-08-29T18:00:01.631330297+08:00                             Mean reward: 109.75
[2026-08-29T17:59:19+08:00] train 2026-08-29T18:00:01.631392845+08:00           Episode_Termination/nan_state: 0.0000
[2026-08-29T17:59:19+08:00] train 2026-08-29T18:00:01.631408765+08:00                                     ETA: 02:04:51
[2026-08-29T17:59:20+08:00] juicefs model_250.pt "hit_count": 1
[2026-08-29T17:59:26+08:00] job=t-20260829173040-5fdmx state=running runtime=unknown pod=tj-3055471-t-20260829173040-5fdmx-master-0
[2026-08-29T17:59:27+08:00] train 2026-08-29T18:00:06.749290801+08:00                                     ETA: 02:04:46
[2026-08-29T17:59:27+08:00] train 2026-08-29T18:00:08.480488123+08:00 [1m                          Learning iteration 861/6000                           [0m 
[2026-08-29T17:59:27+08:00] train 2026-08-29T18:00:08.480498332+08:00                        Steps per second: 68445 
[2026-08-29T17:59:27+08:00] train 2026-08-29T18:00:08.480509232+08:00                             Mean reward: 107.05
[2026-08-29T17:59:27+08:00] train 2026-08-29T18:00:08.480576038+08:00           Episode_Termination/nan_state: 0.0000
[2026-08-29T17:59:27+08:00] train 2026-08-29T18:00:08.480590485+08:00                                     ETA: 02:04:44
[2026-08-29T17:59:27+08:00] juicefs model_250.pt "hit_count": 1
[2026-08-29T17:59:29+08:00] job=t-20260829173040-5fdmx state=running runtime=unknown pod=tj-3055471-t-20260829173040-5fdmx-master-0
[2026-08-29T17:59:30+08:00] train 2026-08-29T18:00:10.176513132+08:00                                     ETA: 02:04:43
[2026-08-29T17:59:30+08:00] train 2026-08-29T18:00:11.871679313+08:00 [1m                          Learning iteration 863/6000                           [0m 
[2026-08-29T17:59:30+08:00] train 2026-08-29T18:00:11.871695624+08:00                        Steps per second: 69632 
[2026-08-29T17:59:30+08:00] train 2026-08-29T18:00:11.871712245+08:00                             Mean reward: 110.77
[2026-08-29T17:59:30+08:00] train 2026-08-29T18:00:11.871809158+08:00           Episode_Termination/nan_state: 0.0000
[2026-08-29T17:59:30+08:00] train 2026-08-29T18:00:11.871826290+08:00                                     ETA: 02:04:41
[2026-08-29T17:59:30+08:00] juicefs model_250.pt "hit_count": 1
[2026-08-29T18:00:33+08:00] job=t-20260829173040-5fdmx state=running runtime=1687 pod=tj-3055471-t-20260829173040-5fdmx-master-0
[2026-08-29T18:00:33+08:00] train 2026-08-29T18:01:13.823014484+08:00                                     ETA: 02:03:43
[2026-08-29T18:00:33+08:00] train 2026-08-29T18:01:15.538852632+08:00 [1m                          Learning iteration 900/6000                           [0m 
[2026-08-29T18:00:33+08:00] train 2026-08-29T18:01:15.538863652+08:00                        Steps per second: 68694 
[2026-08-29T18:00:33+08:00] train 2026-08-29T18:01:15.538874873+08:00                             Mean reward: 111.41
[2026-08-29T18:00:33+08:00] train 2026-08-29T18:01:15.538943292+08:00           Episode_Termination/nan_state: 0.0000
[2026-08-29T18:00:33+08:00] train 2026-08-29T18:01:15.538959292+08:00                                     ETA: 02:03:41
[2026-08-29T18:00:34+08:00] juicefs model_250.pt "hit_count": 1
[2026-08-29T18:30:35+08:00] job=t-20260829173040-5fdmx state=running runtime=3488 pod=tj-3055471-t-20260829173040-5fdmx-master-0
[2026-08-29T18:30:35+08:00] train 2026-08-29T18:31:15.086350417+08:00                                     ETA: 01:38:20
[2026-08-29T18:30:35+08:00] train 2026-08-29T18:31:16.821527271+08:00 [1m                          Learning iteration 1936/6000                          [0m 
[2026-08-29T18:30:35+08:00] train 2026-08-29T18:31:16.821537811+08:00                        Steps per second: 67543 
[2026-08-29T18:30:35+08:00] train 2026-08-29T18:31:16.821551056+08:00                             Mean reward: 113.39
[2026-08-29T18:30:35+08:00] train 2026-08-29T18:31:16.821614846+08:00           Episode_Termination/nan_state: 0.0000
[2026-08-29T18:30:35+08:00] train 2026-08-29T18:31:16.821682824+08:00                                     ETA: 01:38:18
[2026-08-29T18:30:36+08:00] juicefs model_250.pt "hit_count": 1
[2026-08-29T19:00:36+08:00] job=t-20260829173040-5fdmx state=running runtime=5290 pod=tj-3055471-t-20260829173040-5fdmx-master-0
[2026-08-29T19:00:37+08:00] train 2026-08-29T19:01:18.047057776+08:00                                     ETA: 01:13:30
[2026-08-29T19:00:37+08:00] train 2026-08-29T19:01:19.801257534+08:00 [1m                          Learning iteration 2967/6000                          [0m 
[2026-08-29T19:00:37+08:00] train 2026-08-29T19:01:19.801269416+08:00                        Steps per second: 67881 
[2026-08-29T19:00:37+08:00] train 2026-08-29T19:01:19.801282931+08:00                             Mean reward: 113.03
[2026-08-29T19:00:37+08:00] train 2026-08-29T19:01:19.801359385+08:00           Episode_Termination/nan_state: 0.0000
[2026-08-29T19:00:37+08:00] train 2026-08-29T19:01:19.801376778+08:00                                     ETA: 01:13:29
[2026-08-29T19:00:37+08:00] juicefs model_250.pt "hit_count": 1
